2026-03-17 07:05:12 - [generate_csv] - Running normalized data generation for 2026-03-16
2026-03-17 07:05:12 - [generate_csv] - Generated 92 records for customers in /opt/airflow/data/ecommerce_daily/customers_2026-03-16.csv
2026-03-17 07:05:12 - [generate_csv] - Generated 111 records for products in /opt/airflow/data/ecommerce_daily/products_2026-03-16.csv
2026-03-17 07:05:12 - [generate_csv] - Generated 120 records for orders in /opt/airflow/data/ecommerce_daily/orders_2026-03-16.csv
2026-03-17 07:05:12 - [generate_csv] - Generated 120 records for payments in /opt/airflow/data/ecommerce_daily/payments_2026-03-16.csv
2026-03-17 07:05:12 - [generate_csv] - Task generate_csv completed successfully.
2026-03-17 07:05:17 - [create_schema] - Task create_schema completed successfully.
2026-03-17 07:05:22 - [create_trigger] - Executing DDL script: /opt/airflow/sql/trigger.sql
2026-03-17 07:05:22 - [create_trigger] - Executing statement 1/4
2026-03-17 07:05:22 - [create_trigger] - Executing statement 2/4
2026-03-17 07:05:22 - [create_trigger] - Executing statement 3/4
2026-03-17 07:05:23 - [create_trigger] - Executing statement 4/4
2026-03-17 07:05:23 - [create_trigger] - Finished executing /opt/airflow/sql/trigger.sql
2026-03-17 07:05:23 - [create_trigger] - Task create_trigger completed successfully.
2026-03-17 07:05:28 - [create_olap_schema] - Task create_olap_schema completed successfully.
2026-03-17 07:05:49 - [start_debezium] - Task start_debezium completed successfully.
2026-03-17 07:05:54 - [load_csv] - Loading customers from customers_2026-03-16.csv
2026-03-17 07:05:56 - [load_csv] - Finished loading customers_2026-03-16.csv
2026-03-17 07:05:56 - [load_csv] - Loading products from products_2026-03-16.csv
2026-03-17 07:06:00 - [load_csv] - Finished loading products_2026-03-16.csv
2026-03-17 07:06:00 - [load_csv] - Loading orders from orders_2026-03-16.csv
2026-03-17 07:06:03 - [load_csv] - Finished loading orders_2026-03-16.csv
2026-03-17 07:06:03 - [load_csv] - Loading payments from payments_2026-03-16.csv
2026-03-17 07:06:06 - [load_csv] - Finished loading payments_2026-03-16.csv
2026-03-17 07:06:06 - [load_csv] - Task load_csv completed successfully.
2026-03-17 07:06:11 - [run_etl_processor] - Listening to topics: ['dbserver1.ecommerce.customers', 'dbserver1.ecommerce.products', 'dbserver1.ecommerce.orders', 'dbserver1.ecommerce.payments']
2026-03-17 07:06:11 - [run_etl_processor] - Starting Multi-Topic ETL Processor (Group: etl_processor_group_scheduled__2026-03-16T00:00:00+00:00)...
2026-03-17 07:06:15 - [run_etl_processor] - Processed 10 messages...
2026-03-17 07:06:16 - [run_etl_processor] - Processed 20 messages...
2026-03-17 07:06:16 - [run_etl_processor] - Processed 30 messages...
2026-03-17 07:06:16 - [run_etl_processor] - Processed 40 messages...
2026-03-17 07:06:16 - [run_etl_processor] - Processed 50 messages...
2026-03-17 07:06:16 - [run_etl_processor] - Processed 60 messages...
2026-03-17 07:06:16 - [run_etl_processor] - Processed 70 messages...
2026-03-17 07:06:16 - [run_etl_processor] - Processed 80 messages...
2026-03-17 07:06:16 - [run_etl_processor] - Processed 90 messages...
2026-03-17 07:06:16 - [run_etl_processor] - Processed 100 messages...
2026-03-17 07:06:16 - [run_etl_processor] - Processed 110 messages...
2026-03-17 07:06:16 - [run_etl_processor] - Processed 120 messages...
2026-03-17 07:06:16 - [run_etl_processor] - Processed 130 messages...
2026-03-17 07:06:16 - [run_etl_processor] - Processed 140 messages...
2026-03-17 07:06:16 - [run_etl_processor] - Processed 150 messages...
2026-03-17 07:06:16 - [run_etl_processor] - Processed 160 messages...
2026-03-17 07:06:16 - [run_etl_processor] - Processed 170 messages...
2026-03-17 07:06:17 - [run_etl_processor] - Processed 180 messages...
2026-03-17 07:06:17 - [run_etl_processor] - Processed 190 messages...
2026-03-17 07:06:17 - [run_etl_processor] - Processed 200 messages...
2026-03-17 07:06:17 - [run_etl_processor] - Processed 210 messages...
2026-03-17 07:06:17 - [run_etl_processor] - Processed 220 messages...
2026-03-17 07:06:17 - [run_etl_processor] - Processed 230 messages...
2026-03-17 07:06:17 - [run_etl_processor] - Processed 240 messages...
2026-03-17 07:06:17 - [run_etl_processor] - Processed 250 messages...
2026-03-17 07:06:17 - [run_etl_processor] - Processed 260 messages...
2026-03-17 07:06:17 - [run_etl_processor] - Processed 270 messages...
2026-03-17 07:06:17 - [run_etl_processor] - Processed 280 messages...
2026-03-17 07:06:17 - [run_etl_processor] - Processed 290 messages...
2026-03-17 07:06:17 - [run_etl_processor] - Processed 300 messages...
2026-03-17 07:06:17 - [run_etl_processor] - Processed 310 messages...
2026-03-17 07:06:17 - [run_etl_processor] - Processed 320 messages...
2026-03-17 07:06:17 - [run_etl_processor] - Processed 330 messages...
2026-03-17 07:06:17 - [run_etl_processor] - Processed 340 messages...
2026-03-17 07:06:18 - [run_etl_processor] - Processed 350 messages...
2026-03-17 07:06:18 - [run_etl_processor] - Processed 360 messages...
2026-03-17 07:06:18 - [run_etl_processor] - Processed 370 messages...
2026-03-17 07:06:18 - [run_etl_processor] - Processed 380 messages...
2026-03-17 07:06:18 - [run_etl_processor] - Processed 390 messages...
2026-03-17 07:06:18 - [run_etl_processor] - Processed 400 messages...
2026-03-17 07:06:18 - [run_etl_processor] - Processed 410 messages...
2026-03-17 07:06:18 - [run_etl_processor] - Processed 420 messages...
2026-03-17 07:06:18 - [run_etl_processor] - Processed 430 messages...
2026-03-17 07:06:18 - [run_etl_processor] - Processed 440 messages...
2026-03-17 07:06:58 - [run_etl_processor] - ETL session finished. Total messages: 440, Failed: 0
2026-03-17 07:06:58 - [run_etl_processor] - Task run_etl_processor completed successfully.
2026-03-17 07:07:03 - [generate_reports] - ERROR: Task generate_reports failed. Reason: unsupported format string passed to NoneType.__format__
