2026-03-17 16:44:33 - [generate_csv] - Generating data for 2026-03-17
2026-03-17 16:44:34 - [generate_csv] - Generated data for 2026-03-17
2026-03-17 16:44:34 - [generate_csv] - SUCCESS
2026-03-17 16:44:38 - [create_schema] - SUCCESS
2026-03-17 16:44:41 - [create_trigger] - Executing DDL: /opt/airflow/sql/trigger.sql
2026-03-17 16:44:41 - [create_trigger] - Stmt 1
2026-03-17 16:44:41 - [create_trigger] - Stmt 2
2026-03-17 16:44:41 - [create_trigger] - Stmt 3
2026-03-17 16:44:41 - [create_trigger] - Stmt 4
2026-03-17 16:44:41 - [create_trigger] - SUCCESS
2026-03-17 16:44:45 - [create_olap_schema] - SUCCESS
2026-03-17 16:45:04 - [start_debezium] - SUCCESS
2026-03-17 16:45:07 - [load_csv] - Loading customers_2024-03-17.csv
2026-03-17 16:45:09 - [load_csv] - Loading customers_2024-03-18.csv
2026-03-17 16:45:11 - [load_csv] - Loading customers_2024-03-19.csv
2026-03-17 16:45:12 - [load_csv] - Loading customers_2024-03-20.csv
2026-03-17 16:45:14 - [load_csv] - Loading customers_2024-03-21.csv
2026-03-17 16:45:15 - [load_csv] - Loading customers_2024-03-22.csv
2026-03-17 16:45:16 - [load_csv] - Loading customers_2024-03-23.csv
2026-03-17 16:45:17 - [load_csv] - Loading customers_2024-03-24.csv
2026-03-17 16:45:17 - [load_csv] - Loading customers_2024-03-25.csv
2026-03-17 16:45:18 - [load_csv] - Loading customers_2024-03-26.csv
2026-03-17 16:45:19 - [load_csv] - Loading customers_2024-03-27.csv
2026-03-17 16:45:19 - [load_csv] - Loading customers_2024-03-28.csv
2026-03-17 16:45:19 - [load_csv] - Loading customers_2024-03-29.csv
2026-03-17 16:45:20 - [load_csv] - Loading customers_2024-03-30.csv
2026-03-17 16:45:20 - [load_csv] - Loading customers_2024-03-31.csv
2026-03-17 16:45:20 - [load_csv] - Loading customers_2024-04-01.csv
2026-03-17 16:45:20 - [load_csv] - Loading customers_2024-04-02.csv
2026-03-17 16:45:21 - [load_csv] - Loading customers_2024-04-03.csv
2026-03-17 16:45:21 - [load_csv] - Loading customers_2024-04-04.csv
2026-03-17 16:45:21 - [load_csv] - Loading customers_2024-04-05.csv
2026-03-17 16:45:21 - [load_csv] - Loading customers_2024-04-06.csv
2026-03-17 16:45:22 - [load_csv] - Loading customers_2024-04-07.csv
2026-03-17 16:45:22 - [load_csv] - Loading customers_2024-04-08.csv
2026-03-17 16:45:22 - [load_csv] - Loading customers_2024-04-09.csv
2026-03-17 16:45:22 - [load_csv] - Loading customers_2024-04-10.csv
2026-03-17 16:45:22 - [load_csv] - Loading customers_2024-04-13.csv
2026-03-17 16:45:22 - [load_csv] - Loading customers_2024-04-15.csv
2026-03-17 16:45:22 - [load_csv] - Loading customers_2024-04-16.csv
2026-03-17 16:45:22 - [load_csv] - Loading customers_2024-04-19.csv
2026-03-17 16:45:22 - [load_csv] - Loading customers_2024-04-20.csv
2026-03-17 16:45:22 - [load_csv] - Loading customers_2024-04-21.csv
2026-03-17 16:45:22 - [load_csv] - Loading customers_2024-04-26.csv
2026-03-17 16:45:22 - [load_csv] - Loading customers_2024-04-27.csv
2026-03-17 16:45:23 - [load_csv] - Loading customers_2024-04-30.csv
2026-03-17 16:45:23 - [load_csv] - Loading customers_2024-05-05.csv
2026-03-17 16:45:23 - [load_csv] - Loading customers_2024-05-06.csv
2026-03-17 16:45:23 - [load_csv] - Loading customers_2024-05-16.csv
2026-03-17 16:45:23 - [load_csv] - Loading customers_2024-05-28.csv
2026-03-17 16:45:23 - [load_csv] - Loading customers_2024-06-10.csv
2026-03-17 16:45:23 - [load_csv] - Loading customers_2024-06-19.csv
2026-03-17 16:45:23 - [load_csv] - Loading customers_2024-06-22.csv
2026-03-17 16:45:23 - [load_csv] - Loading customers_2024-06-24.csv
2026-03-17 16:45:23 - [load_csv] - Loading customers_2024-07-01.csv
2026-03-17 16:45:23 - [load_csv] - Loading customers_2024-07-06.csv
2026-03-17 16:45:23 - [load_csv] - Loading customers_2024-07-09.csv
2026-03-17 16:45:23 - [load_csv] - Loading customers_2024-07-14.csv
2026-03-17 16:45:23 - [load_csv] - Loading customers_2024-08-03.csv
2026-03-17 16:45:24 - [load_csv] - Loading customers_2024-08-04.csv
2026-03-17 16:45:24 - [load_csv] - Loading customers_2024-09-03.csv
2026-03-17 16:45:24 - [load_csv] - Loading customers_2024-09-04.csv
2026-03-17 16:45:24 - [load_csv] - Loading customers_2024-10-19.csv
2026-03-17 16:45:24 - [load_csv] - Loading customers_2024-10-21.csv
2026-03-17 16:45:24 - [load_csv] - Loading customers_2024-10-26.csv
2026-03-17 16:45:24 - [load_csv] - Loading customers_2024-11-09.csv
2026-03-17 16:45:24 - [load_csv] - Loading customers_2024-11-27.csv
2026-03-17 16:45:24 - [load_csv] - Loading customers_2024-11-29.csv
2026-03-17 16:45:24 - [load_csv] - Loading customers_2024-11-30.csv
2026-03-17 16:45:24 - [load_csv] - Loading customers_2024-12-05.csv
2026-03-17 16:45:24 - [load_csv] - Loading customers_2024-12-27.csv
2026-03-17 16:45:24 - [load_csv] - Loading customers_2025-01-04.csv
2026-03-17 16:45:25 - [load_csv] - Loading customers_2025-01-09.csv
2026-03-17 16:45:25 - [load_csv] - Loading customers_2025-01-19.csv
2026-03-17 16:45:25 - [load_csv] - Loading customers_2025-02-02.csv
2026-03-17 16:45:25 - [load_csv] - Loading customers_2025-02-04.csv
2026-03-17 16:45:25 - [load_csv] - Loading customers_2025-02-13.csv
2026-03-17 16:45:25 - [load_csv] - Loading customers_2025-02-14.csv
2026-03-17 16:45:25 - [load_csv] - Loading customers_2025-02-16.csv
2026-03-17 16:45:25 - [load_csv] - Loading customers_2025-02-17.csv
2026-03-17 16:45:25 - [load_csv] - Loading customers_2025-02-20.csv
2026-03-17 16:45:25 - [load_csv] - Loading customers_2025-02-23.csv
2026-03-17 16:45:25 - [load_csv] - Loading customers_2025-02-24.csv
2026-03-17 16:45:25 - [load_csv] - Loading customers_2025-02-27.csv
2026-03-17 16:45:25 - [load_csv] - Loading customers_2025-03-07.csv
2026-03-17 16:45:25 - [load_csv] - Loading customers_2025-04-03.csv
2026-03-17 16:45:25 - [load_csv] - Loading customers_2025-04-05.csv
2026-03-17 16:45:25 - [load_csv] - Loading customers_2025-04-22.csv
2026-03-17 16:45:26 - [load_csv] - Loading customers_2025-04-24.csv
2026-03-17 16:45:26 - [load_csv] - Loading customers_2025-05-05.csv
2026-03-17 16:45:26 - [load_csv] - Loading customers_2025-06-02.csv
2026-03-17 16:45:26 - [load_csv] - Loading customers_2025-06-12.csv
2026-03-17 16:45:26 - [load_csv] - Loading customers_2025-06-19.csv
2026-03-17 16:45:26 - [load_csv] - Loading customers_2025-06-27.csv
2026-03-17 16:45:26 - [load_csv] - Loading customers_2025-07-17.csv
2026-03-17 16:45:26 - [load_csv] - Loading customers_2025-08-26.csv
2026-03-17 16:45:26 - [load_csv] - Loading customers_2025-08-31.csv
2026-03-17 16:45:26 - [load_csv] - Loading customers_2025-09-11.csv
2026-03-17 16:45:26 - [load_csv] - Loading customers_2025-09-30.csv
2026-03-17 16:45:26 - [load_csv] - Loading customers_2025-10-03.csv
2026-03-17 16:45:26 - [load_csv] - Loading customers_2025-10-07.csv
2026-03-17 16:45:27 - [load_csv] - Loading customers_2025-10-08.csv
2026-03-17 16:45:27 - [load_csv] - Loading customers_2025-10-09.csv
2026-03-17 16:45:27 - [load_csv] - Loading customers_2025-10-22.csv
2026-03-17 16:45:27 - [load_csv] - Loading customers_2025-10-29.csv
2026-03-17 16:45:27 - [load_csv] - Loading customers_2025-10-30.csv
2026-03-17 16:45:27 - [load_csv] - Loading customers_2025-11-23.csv
2026-03-17 16:45:27 - [load_csv] - Loading customers_2025-12-06.csv
2026-03-17 16:45:27 - [load_csv] - Loading customers_2025-12-28.csv
2026-03-17 16:45:27 - [load_csv] - Loading customers_2025-12-30.csv
2026-03-17 16:45:27 - [load_csv] - Loading customers_2026-03-14.csv
2026-03-17 16:45:27 - [load_csv] - Loading customers_2026-03-17.csv
2026-03-17 16:45:29 - [load_csv] - Loading products_2024-03-17.csv
2026-03-17 16:45:32 - [load_csv] - Loading products_2024-03-18.csv
2026-03-17 16:45:34 - [load_csv] - Loading products_2024-03-19.csv
2026-03-17 16:45:36 - [load_csv] - Loading products_2024-03-20.csv
2026-03-17 16:45:38 - [load_csv] - Loading products_2024-03-21.csv
2026-03-17 16:45:39 - [load_csv] - Loading products_2024-03-22.csv
2026-03-17 16:45:41 - [load_csv] - Loading products_2024-03-23.csv
2026-03-17 16:45:42 - [load_csv] - Loading products_2024-03-24.csv
2026-03-17 16:45:43 - [load_csv] - Loading products_2024-03-25.csv
2026-03-17 16:45:45 - [load_csv] - Loading products_2024-03-26.csv
2026-03-17 16:45:46 - [load_csv] - Loading products_2024-03-27.csv
2026-03-17 16:45:47 - [load_csv] - Loading products_2024-03-28.csv
2026-03-17 16:45:47 - [load_csv] - Loading products_2024-03-29.csv
2026-03-17 16:45:48 - [load_csv] - Loading products_2024-03-30.csv
2026-03-17 16:45:49 - [load_csv] - Loading products_2024-03-31.csv
2026-03-17 16:45:50 - [load_csv] - Loading products_2024-04-01.csv
2026-03-17 16:45:50 - [load_csv] - Loading products_2024-04-02.csv
2026-03-17 16:45:51 - [load_csv] - Loading products_2024-04-03.csv
2026-03-17 16:45:52 - [load_csv] - Loading products_2024-04-04.csv
2026-03-17 16:45:53 - [load_csv] - Loading products_2024-04-05.csv
2026-03-17 16:45:53 - [load_csv] - Loading products_2024-04-06.csv
2026-03-17 16:45:54 - [load_csv] - Loading products_2024-04-07.csv
2026-03-17 16:45:55 - [load_csv] - Loading products_2024-04-08.csv
2026-03-17 16:45:55 - [load_csv] - Loading products_2024-04-09.csv
2026-03-17 16:45:56 - [load_csv] - Loading products_2024-04-10.csv
2026-03-17 16:45:56 - [load_csv] - Loading products_2024-04-11.csv
2026-03-17 16:45:56 - [load_csv] - Loading products_2024-04-12.csv
2026-03-17 16:45:57 - [load_csv] - Loading products_2024-04-13.csv
2026-03-17 16:45:57 - [load_csv] - Loading products_2024-04-14.csv
2026-03-17 16:45:57 - [load_csv] - Loading products_2024-04-15.csv
2026-03-17 16:45:58 - [load_csv] - Loading products_2024-04-16.csv
2026-03-17 16:45:58 - [load_csv] - Loading products_2024-04-17.csv
2026-03-17 16:45:58 - [load_csv] - Loading products_2024-04-18.csv
2026-03-17 16:45:59 - [load_csv] - Loading products_2024-04-19.csv
2026-03-17 16:45:59 - [load_csv] - Loading products_2024-04-20.csv
2026-03-17 16:45:59 - [load_csv] - Loading products_2024-04-21.csv
2026-03-17 16:45:59 - [load_csv] - Loading products_2024-04-22.csv
2026-03-17 16:45:59 - [load_csv] - Loading products_2024-04-23.csv
2026-03-17 16:46:00 - [load_csv] - Loading products_2024-04-24.csv
2026-03-17 16:46:00 - [load_csv] - Loading products_2024-04-25.csv
2026-03-17 16:46:00 - [load_csv] - Loading products_2024-04-26.csv
2026-03-17 16:46:00 - [load_csv] - Loading products_2024-04-27.csv
2026-03-17 16:46:00 - [load_csv] - Loading products_2024-04-28.csv
2026-03-17 16:46:01 - [load_csv] - Loading products_2024-04-29.csv
2026-03-17 16:46:01 - [load_csv] - Loading products_2024-04-30.csv
2026-03-17 16:46:01 - [load_csv] - Loading products_2024-05-01.csv
2026-03-17 16:46:01 - [load_csv] - Loading products_2024-05-03.csv
2026-03-17 16:46:01 - [load_csv] - Loading products_2024-05-04.csv
2026-03-17 16:46:01 - [load_csv] - Loading products_2024-05-05.csv
2026-03-17 16:46:01 - [load_csv] - Loading products_2024-05-07.csv
2026-03-17 16:46:01 - [load_csv] - Loading products_2024-05-08.csv
2026-03-17 16:46:01 - [load_csv] - Loading products_2024-05-09.csv
2026-03-17 16:46:02 - [load_csv] - Loading products_2024-05-10.csv
2026-03-17 16:46:02 - [load_csv] - Loading products_2024-05-11.csv
2026-03-17 16:46:02 - [load_csv] - Loading products_2024-05-12.csv
2026-03-17 16:46:02 - [load_csv] - Loading products_2024-05-13.csv
2026-03-17 16:46:02 - [load_csv] - Loading products_2024-05-15.csv
2026-03-17 16:46:02 - [load_csv] - Loading products_2024-05-16.csv
2026-03-17 16:46:02 - [load_csv] - Loading products_2024-05-19.csv
2026-03-17 16:46:02 - [load_csv] - Loading products_2024-05-23.csv
2026-03-17 16:46:02 - [load_csv] - Loading products_2024-05-26.csv
2026-03-17 16:46:03 - [load_csv] - Loading products_2024-06-11.csv
2026-03-17 16:46:03 - [load_csv] - Loading products_2024-06-15.csv
2026-03-17 16:46:03 - [load_csv] - Loading products_2024-07-04.csv
2026-03-17 16:46:03 - [load_csv] - Loading products_2024-08-07.csv
2026-03-17 16:46:03 - [load_csv] - Loading products_2024-08-11.csv
2026-03-17 16:46:03 - [load_csv] - Loading products_2024-08-12.csv
2026-03-17 16:46:03 - [load_csv] - Loading products_2024-08-18.csv
2026-03-17 16:46:03 - [load_csv] - Loading products_2024-08-29.csv
2026-03-17 16:46:03 - [load_csv] - Loading products_2024-09-10.csv
2026-03-17 16:46:04 - [load_csv] - Loading products_2024-12-14.csv
2026-03-17 16:46:04 - [load_csv] - Loading products_2025-01-03.csv
2026-03-17 16:46:04 - [load_csv] - Loading products_2025-01-14.csv
2026-03-17 16:46:04 - [load_csv] - Loading products_2025-01-19.csv
2026-03-17 16:46:04 - [load_csv] - Loading products_2025-05-30.csv
2026-03-17 16:46:04 - [load_csv] - Loading products_2025-06-01.csv
2026-03-17 16:46:04 - [load_csv] - Loading products_2025-06-06.csv
2026-03-17 16:46:04 - [load_csv] - Loading products_2025-07-05.csv
2026-03-17 16:46:04 - [load_csv] - Loading products_2025-07-17.csv
2026-03-17 16:46:04 - [load_csv] - Loading products_2025-08-04.csv
2026-03-17 16:46:05 - [load_csv] - Loading products_2025-08-12.csv
2026-03-17 16:46:05 - [load_csv] - Loading products_2025-08-13.csv
2026-03-17 16:46:05 - [load_csv] - Loading products_2025-08-29.csv
2026-03-17 16:46:05 - [load_csv] - Loading products_2025-09-05.csv
2026-03-17 16:46:05 - [load_csv] - Loading products_2025-09-07.csv
2026-03-17 16:46:05 - [load_csv] - Loading products_2025-09-08.csv
2026-03-17 16:46:05 - [load_csv] - Loading products_2025-09-15.csv
2026-03-17 16:46:05 - [load_csv] - Loading products_2025-09-30.csv
2026-03-17 16:46:05 - [load_csv] - Loading products_2025-10-01.csv
2026-03-17 16:46:06 - [load_csv] - Loading products_2025-11-09.csv
2026-03-17 16:46:06 - [load_csv] - Loading products_2025-11-15.csv
2026-03-17 16:46:06 - [load_csv] - Loading products_2025-11-19.csv
2026-03-17 16:46:06 - [load_csv] - Loading products_2025-11-24.csv
2026-03-17 16:46:06 - [load_csv] - Loading products_2025-12-16.csv
2026-03-17 16:46:06 - [load_csv] - Loading products_2026-01-06.csv
2026-03-17 16:46:06 - [load_csv] - Loading products_2026-01-15.csv
2026-03-17 16:46:06 - [load_csv] - Loading products_2026-01-17.csv
2026-03-17 16:46:07 - [load_csv] - Loading products_2026-01-28.csv
2026-03-17 16:46:07 - [load_csv] - Loading products_2026-01-29.csv
2026-03-17 16:46:07 - [load_csv] - Loading products_2026-02-15.csv
2026-03-17 16:46:07 - [load_csv] - Loading products_2026-03-17.csv
2026-03-17 16:46:11 - [load_csv] - Loading orders_2024-03-17.csv
2026-03-17 16:46:15 - [load_csv] - Loading orders_2024-03-18.csv
2026-03-17 16:46:18 - [load_csv] - Loading orders_2024-03-19.csv
2026-03-17 16:46:20 - [load_csv] - Loading orders_2024-03-20.csv
2026-03-17 16:46:23 - [load_csv] - Loading orders_2024-03-21.csv
2026-03-17 16:46:25 - [load_csv] - Loading orders_2024-03-22.csv
2026-03-17 16:46:27 - [load_csv] - Loading orders_2024-03-23.csv
2026-03-17 16:46:29 - [load_csv] - Loading orders_2024-03-24.csv
2026-03-17 16:46:31 - [load_csv] - Loading orders_2024-03-25.csv
2026-03-17 16:46:33 - [load_csv] - Loading orders_2024-03-26.csv
2026-03-17 16:46:36 - [load_csv] - Loading orders_2024-03-27.csv
2026-03-17 16:46:38 - [load_csv] - Loading orders_2024-03-28.csv
2026-03-17 16:46:40 - [load_csv] - Loading orders_2024-03-29.csv
2026-03-17 16:46:43 - [load_csv] - Loading orders_2024-03-30.csv
2026-03-17 16:46:46 - [load_csv] - Loading orders_2024-03-31.csv
2026-03-17 16:46:48 - [load_csv] - Loading orders_2024-04-01.csv
2026-03-17 16:46:52 - [load_csv] - Loading orders_2024-04-02.csv
2026-03-17 16:46:55 - [load_csv] - Loading orders_2024-04-03.csv
2026-03-17 16:46:58 - [load_csv] - Loading orders_2024-04-04.csv
2026-03-17 16:47:01 - [load_csv] - Loading orders_2024-04-05.csv
2026-03-17 16:47:03 - [load_csv] - Loading orders_2024-04-06.csv
2026-03-17 16:47:06 - [load_csv] - Loading orders_2024-04-07.csv
2026-03-17 16:47:08 - [load_csv] - Loading orders_2024-04-08.csv
2026-03-17 16:47:10 - [load_csv] - Loading orders_2024-04-09.csv
2026-03-17 16:47:13 - [load_csv] - Loading orders_2024-04-10.csv
2026-03-17 16:47:15 - [load_csv] - Loading orders_2024-04-11.csv
2026-03-17 16:47:18 - [load_csv] - Loading orders_2024-04-12.csv
2026-03-17 16:47:20 - [load_csv] - Loading orders_2024-04-13.csv
2026-03-17 16:47:22 - [load_csv] - Loading orders_2024-04-14.csv
2026-03-17 16:47:25 - [load_csv] - Loading orders_2024-04-15.csv
2026-03-17 16:47:27 - [load_csv] - Loading orders_2024-04-16.csv
2026-03-17 16:47:29 - [load_csv] - Loading orders_2024-04-17.csv
2026-03-17 16:47:31 - [load_csv] - Loading orders_2024-04-18.csv
2026-03-17 16:47:33 - [load_csv] - Loading orders_2024-04-19.csv
2026-03-17 16:47:36 - [load_csv] - Loading orders_2024-04-20.csv
2026-03-17 16:47:38 - [load_csv] - Loading orders_2024-04-21.csv
2026-03-17 16:47:40 - [load_csv] - Loading orders_2024-04-22.csv
2026-03-17 16:47:43 - [load_csv] - Loading orders_2024-04-23.csv
2026-03-17 16:47:45 - [load_csv] - Loading orders_2024-04-24.csv
2026-03-17 16:47:47 - [load_csv] - Loading orders_2024-04-25.csv
2026-03-17 16:47:50 - [load_csv] - Loading orders_2024-04-26.csv
2026-03-17 16:47:52 - [load_csv] - Loading orders_2024-04-27.csv
2026-03-17 16:47:55 - [load_csv] - Loading orders_2024-04-28.csv
2026-03-17 16:47:58 - [load_csv] - Loading orders_2024-04-29.csv
2026-03-17 16:48:00 - [load_csv] - Loading orders_2024-04-30.csv
2026-03-17 16:48:02 - [load_csv] - Loading orders_2024-05-01.csv
2026-03-17 16:48:04 - [load_csv] - Loading orders_2024-05-02.csv
2026-03-17 16:48:07 - [load_csv] - Loading orders_2024-05-03.csv
2026-03-17 16:48:09 - [load_csv] - Loading orders_2024-05-04.csv
2026-03-17 16:48:11 - [load_csv] - Loading orders_2024-05-05.csv
2026-03-17 16:48:13 - [load_csv] - Loading orders_2024-05-06.csv
2026-03-17 16:48:15 - [load_csv] - Loading orders_2024-05-07.csv
2026-03-17 16:48:18 - [load_csv] - Loading orders_2024-05-08.csv
2026-03-17 16:48:20 - [load_csv] - Loading orders_2024-05-09.csv
2026-03-17 16:48:22 - [load_csv] - Loading orders_2024-05-10.csv
2026-03-17 16:48:25 - [load_csv] - Loading orders_2024-05-11.csv
2026-03-17 16:48:27 - [load_csv] - Loading orders_2024-05-12.csv
2026-03-17 16:48:29 - [load_csv] - Loading orders_2024-05-13.csv
2026-03-17 16:48:31 - [load_csv] - Loading orders_2024-05-14.csv
2026-03-17 16:48:34 - [load_csv] - Loading orders_2024-05-15.csv
2026-03-17 16:48:36 - [load_csv] - Loading orders_2024-05-16.csv
2026-03-17 16:48:38 - [load_csv] - Loading orders_2024-05-17.csv
2026-03-17 16:48:40 - [load_csv] - Loading orders_2024-05-18.csv
2026-03-17 16:48:42 - [load_csv] - Loading orders_2024-05-19.csv
2026-03-17 16:48:44 - [load_csv] - Loading orders_2024-05-20.csv
2026-03-17 16:48:47 - [load_csv] - Loading orders_2024-05-21.csv
2026-03-17 16:48:49 - [load_csv] - Loading orders_2024-05-22.csv
2026-03-17 16:48:51 - [load_csv] - Loading orders_2024-05-23.csv
2026-03-17 16:48:53 - [load_csv] - Loading orders_2024-05-24.csv
2026-03-17 16:48:56 - [load_csv] - Loading orders_2024-05-25.csv
2026-03-17 16:48:59 - [load_csv] - Loading orders_2024-05-26.csv
2026-03-17 16:49:01 - [load_csv] - Loading orders_2024-05-27.csv
2026-03-17 16:49:04 - [load_csv] - Loading orders_2024-05-28.csv
2026-03-17 16:49:06 - [load_csv] - Loading orders_2024-05-29.csv
2026-03-17 16:49:08 - [load_csv] - Loading orders_2024-05-30.csv
2026-03-17 16:49:10 - [load_csv] - Loading orders_2024-05-31.csv
2026-03-17 16:49:12 - [load_csv] - Loading orders_2024-06-01.csv
2026-03-17 16:49:15 - [load_csv] - Loading orders_2024-06-02.csv
2026-03-17 16:49:17 - [load_csv] - Loading orders_2024-06-03.csv
2026-03-17 16:49:19 - [load_csv] - Loading orders_2024-06-04.csv
2026-03-17 16:49:22 - [load_csv] - Loading orders_2024-06-05.csv
2026-03-17 16:49:24 - [load_csv] - Loading orders_2024-06-06.csv
2026-03-17 16:49:26 - [load_csv] - Loading orders_2024-06-07.csv
2026-03-17 16:49:29 - [load_csv] - Loading orders_2024-06-08.csv
2026-03-17 16:49:31 - [load_csv] - Loading orders_2024-06-09.csv
2026-03-17 16:49:34 - [load_csv] - Loading orders_2024-06-10.csv
2026-03-17 16:49:36 - [load_csv] - Loading orders_2024-06-11.csv
2026-03-17 16:49:38 - [load_csv] - Loading orders_2024-06-12.csv
2026-03-17 16:49:41 - [load_csv] - Loading orders_2024-06-13.csv
2026-03-17 16:49:43 - [load_csv] - Loading orders_2024-06-14.csv
2026-03-17 16:49:45 - [load_csv] - Loading orders_2024-06-15.csv
2026-03-17 16:49:47 - [load_csv] - Loading orders_2024-06-16.csv
2026-03-17 16:49:50 - [load_csv] - Loading orders_2024-06-17.csv
2026-03-17 16:49:52 - [load_csv] - Loading orders_2024-06-18.csv
2026-03-17 16:49:54 - [load_csv] - Loading orders_2024-06-19.csv
2026-03-17 16:49:57 - [load_csv] - Loading orders_2024-06-20.csv
2026-03-17 16:49:59 - [load_csv] - Loading orders_2024-06-21.csv
2026-03-17 16:50:01 - [load_csv] - Loading orders_2024-06-22.csv
2026-03-17 16:50:04 - [load_csv] - Loading orders_2024-06-23.csv
2026-03-17 16:50:06 - [load_csv] - Loading orders_2024-06-24.csv
2026-03-17 16:50:09 - [load_csv] - Loading orders_2024-06-25.csv
2026-03-17 16:50:11 - [load_csv] - Loading orders_2024-06-26.csv
2026-03-17 16:50:13 - [load_csv] - Loading orders_2024-06-27.csv
2026-03-17 16:50:16 - [load_csv] - Loading orders_2024-06-28.csv
2026-03-17 16:50:18 - [load_csv] - Loading orders_2024-06-29.csv
2026-03-17 16:50:20 - [load_csv] - Loading orders_2024-06-30.csv
2026-03-17 16:50:23 - [load_csv] - Loading orders_2024-07-01.csv
2026-03-17 16:50:25 - [load_csv] - Loading orders_2024-07-02.csv
2026-03-17 16:50:27 - [load_csv] - Loading orders_2024-07-03.csv
2026-03-17 16:50:29 - [load_csv] - Loading orders_2024-07-04.csv
2026-03-17 16:50:32 - [load_csv] - Loading orders_2024-07-05.csv
2026-03-17 16:50:34 - [load_csv] - Loading orders_2024-07-06.csv
2026-03-17 16:50:36 - [load_csv] - Loading orders_2024-07-07.csv
2026-03-17 16:50:39 - [load_csv] - Loading orders_2024-07-08.csv
2026-03-17 16:50:41 - [load_csv] - Loading orders_2024-07-09.csv
2026-03-17 16:50:43 - [load_csv] - Loading orders_2024-07-10.csv
2026-03-17 16:50:45 - [load_csv] - Loading orders_2024-07-11.csv
2026-03-17 16:50:48 - [load_csv] - Loading orders_2024-07-12.csv
2026-03-17 16:50:50 - [load_csv] - Loading orders_2024-07-13.csv
2026-03-17 16:50:53 - [load_csv] - Loading orders_2024-07-14.csv
2026-03-17 16:50:55 - [load_csv] - Loading orders_2024-07-15.csv
2026-03-17 16:50:57 - [load_csv] - Loading orders_2024-07-16.csv
2026-03-17 16:51:00 - [load_csv] - Loading orders_2024-07-17.csv
2026-03-17 16:51:02 - [load_csv] - Loading orders_2024-07-18.csv
2026-03-17 16:51:04 - [load_csv] - Loading orders_2024-07-19.csv
2026-03-17 16:51:06 - [load_csv] - Loading orders_2024-07-20.csv
2026-03-17 16:51:09 - [load_csv] - Loading orders_2024-07-21.csv
2026-03-17 16:51:11 - [load_csv] - Loading orders_2024-07-22.csv
2026-03-17 16:51:13 - [load_csv] - Loading orders_2024-07-23.csv
2026-03-17 16:51:16 - [load_csv] - Loading orders_2024-07-24.csv
2026-03-17 16:51:18 - [load_csv] - Loading orders_2024-07-25.csv
2026-03-17 16:51:21 - [load_csv] - Loading orders_2024-07-26.csv
2026-03-17 16:51:23 - [load_csv] - Loading orders_2024-07-27.csv
2026-03-17 16:51:26 - [load_csv] - Loading orders_2024-07-28.csv
2026-03-17 16:51:28 - [load_csv] - Loading orders_2024-07-29.csv
2026-03-17 16:51:30 - [load_csv] - Loading orders_2024-07-30.csv
2026-03-17 16:51:32 - [load_csv] - Loading orders_2024-07-31.csv
2026-03-17 16:51:35 - [load_csv] - Loading orders_2024-08-01.csv
2026-03-17 16:51:37 - [load_csv] - Loading orders_2024-08-02.csv
2026-03-17 16:51:39 - [load_csv] - Loading orders_2024-08-03.csv
2026-03-17 16:51:41 - [load_csv] - Loading orders_2024-08-04.csv
2026-03-17 16:51:43 - [load_csv] - Loading orders_2024-08-05.csv
2026-03-17 16:51:46 - [load_csv] - Loading orders_2024-08-06.csv
2026-03-17 16:51:48 - [load_csv] - Loading orders_2024-08-07.csv
2026-03-17 16:51:50 - [load_csv] - Loading orders_2024-08-08.csv
2026-03-17 16:51:53 - [load_csv] - Loading orders_2024-08-09.csv
2026-03-17 16:51:55 - [load_csv] - Loading orders_2024-08-10.csv
2026-03-17 16:51:58 - [load_csv] - Loading orders_2024-08-11.csv
2026-03-17 16:52:00 - [load_csv] - Loading orders_2024-08-12.csv
2026-03-17 16:52:03 - [load_csv] - Loading orders_2024-08-13.csv
2026-03-17 16:52:05 - [load_csv] - Loading orders_2024-08-14.csv
2026-03-17 16:52:08 - [load_csv] - Loading orders_2024-08-15.csv
2026-03-17 16:52:10 - [load_csv] - Loading orders_2024-08-16.csv
2026-03-17 16:52:12 - [load_csv] - Loading orders_2024-08-17.csv
2026-03-17 16:52:15 - [load_csv] - Loading orders_2024-08-18.csv
2026-03-17 16:52:17 - [load_csv] - Loading orders_2024-08-19.csv
2026-03-17 16:52:20 - [load_csv] - Loading orders_2024-08-20.csv
2026-03-17 16:52:22 - [load_csv] - Loading orders_2024-08-21.csv
2026-03-17 16:52:24 - [load_csv] - Loading orders_2024-08-22.csv
2026-03-17 16:52:27 - [load_csv] - Loading orders_2024-08-23.csv
2026-03-17 16:52:29 - [load_csv] - Loading orders_2024-08-24.csv
2026-03-17 16:52:32 - [load_csv] - Loading orders_2024-08-25.csv
2026-03-17 16:52:34 - [load_csv] - Loading orders_2024-08-26.csv
2026-03-17 16:52:36 - [load_csv] - Loading orders_2024-08-27.csv
2026-03-17 16:52:39 - [load_csv] - Loading orders_2024-08-28.csv
2026-03-17 16:52:41 - [load_csv] - Loading orders_2024-08-29.csv
2026-03-17 16:52:44 - [load_csv] - Loading orders_2024-08-30.csv
2026-03-17 16:52:46 - [load_csv] - Loading orders_2024-08-31.csv
2026-03-17 16:52:48 - [load_csv] - Loading orders_2024-09-01.csv
2026-03-17 16:52:52 - [load_csv] - Loading orders_2024-09-02.csv
2026-03-17 16:52:55 - [load_csv] - Loading orders_2024-09-03.csv
2026-03-17 16:52:57 - [load_csv] - Loading orders_2024-09-04.csv
2026-03-17 16:53:00 - [load_csv] - Loading orders_2024-09-05.csv
2026-03-17 16:53:02 - [load_csv] - Loading orders_2024-09-06.csv
2026-03-17 16:53:04 - [load_csv] - Loading orders_2024-09-07.csv
2026-03-17 16:53:07 - [load_csv] - Loading orders_2024-09-08.csv
2026-03-17 16:53:09 - [load_csv] - Loading orders_2024-09-09.csv
2026-03-17 16:53:11 - [load_csv] - Loading orders_2024-09-10.csv
2026-03-17 16:53:13 - [load_csv] - Loading orders_2024-09-11.csv
2026-03-17 16:53:16 - [load_csv] - Loading orders_2024-09-12.csv
2026-03-17 16:53:18 - [load_csv] - Loading orders_2024-09-13.csv
2026-03-17 16:53:20 - [load_csv] - Loading orders_2024-09-14.csv
2026-03-17 16:53:23 - [load_csv] - Loading orders_2024-09-15.csv
2026-03-17 16:53:26 - [load_csv] - Loading orders_2024-09-16.csv
2026-03-17 16:53:28 - [load_csv] - Loading orders_2024-09-17.csv
2026-03-17 16:53:30 - [load_csv] - Loading orders_2024-09-18.csv
2026-03-17 16:53:33 - [load_csv] - Loading orders_2024-09-19.csv
2026-03-17 16:53:35 - [load_csv] - Loading orders_2024-09-20.csv
2026-03-17 16:53:38 - [load_csv] - Loading orders_2024-09-21.csv
2026-03-17 16:53:40 - [load_csv] - Loading orders_2024-09-22.csv
2026-03-17 16:53:42 - [load_csv] - Loading orders_2024-09-23.csv
2026-03-17 16:53:45 - [load_csv] - Loading orders_2024-09-24.csv
2026-03-17 16:53:47 - [load_csv] - Loading orders_2024-09-25.csv
2026-03-17 16:53:49 - [load_csv] - Loading orders_2024-09-26.csv
2026-03-17 16:53:52 - [load_csv] - Loading orders_2024-09-27.csv
2026-03-17 16:53:54 - [load_csv] - Loading orders_2024-09-28.csv
2026-03-17 16:53:56 - [load_csv] - Loading orders_2024-09-29.csv
2026-03-17 16:53:58 - [load_csv] - Loading orders_2024-09-30.csv
2026-03-17 16:54:01 - [load_csv] - Loading orders_2024-10-01.csv
2026-03-17 16:54:03 - [load_csv] - Loading orders_2024-10-02.csv
2026-03-17 16:54:06 - [load_csv] - Loading orders_2024-10-03.csv
2026-03-17 16:54:08 - [load_csv] - Loading orders_2024-10-04.csv
2026-03-17 16:54:10 - [load_csv] - Loading orders_2024-10-05.csv
2026-03-17 16:54:12 - [load_csv] - Loading orders_2024-10-06.csv
2026-03-17 16:54:15 - [load_csv] - Loading orders_2024-10-07.csv
2026-03-17 16:54:17 - [load_csv] - Loading orders_2024-10-08.csv
2026-03-17 16:54:19 - [load_csv] - Loading orders_2024-10-09.csv
2026-03-17 16:54:21 - [load_csv] - Loading orders_2024-10-10.csv
2026-03-17 16:54:24 - [load_csv] - Loading orders_2024-10-11.csv
2026-03-17 16:54:26 - [load_csv] - Loading orders_2024-10-12.csv
2026-03-17 16:54:28 - [load_csv] - Loading orders_2024-10-13.csv
2026-03-17 16:54:30 - [load_csv] - Loading orders_2024-10-14.csv
2026-03-17 16:54:33 - [load_csv] - Loading orders_2024-10-15.csv
2026-03-17 16:54:35 - [load_csv] - Loading orders_2024-10-16.csv
2026-03-17 16:54:38 - [load_csv] - Loading orders_2024-10-17.csv
2026-03-17 16:54:40 - [load_csv] - Loading orders_2024-10-18.csv
2026-03-17 16:54:42 - [load_csv] - Loading orders_2024-10-19.csv
2026-03-17 16:54:44 - [load_csv] - Loading orders_2024-10-20.csv
2026-03-17 16:54:47 - [load_csv] - Loading orders_2024-10-21.csv
2026-03-17 16:54:49 - [load_csv] - Loading orders_2024-10-22.csv
2026-03-17 16:54:51 - [load_csv] - Loading orders_2024-10-23.csv
2026-03-17 16:54:54 - [load_csv] - Loading orders_2024-10-24.csv
2026-03-17 16:54:56 - [load_csv] - Loading orders_2024-10-25.csv
2026-03-17 16:54:58 - [load_csv] - Loading orders_2024-10-26.csv
2026-03-17 16:55:01 - [load_csv] - Loading orders_2024-10-27.csv
2026-03-17 16:55:03 - [load_csv] - Loading orders_2024-10-28.csv
2026-03-17 16:55:05 - [load_csv] - Loading orders_2024-10-29.csv
2026-03-17 16:55:08 - [load_csv] - Loading orders_2024-10-30.csv
2026-03-17 16:55:10 - [load_csv] - Loading orders_2024-10-31.csv
2026-03-17 16:55:12 - [load_csv] - Loading orders_2024-11-01.csv
2026-03-17 16:55:15 - [load_csv] - Loading orders_2024-11-02.csv
2026-03-17 16:55:17 - [load_csv] - Loading orders_2024-11-03.csv
2026-03-17 16:55:19 - [load_csv] - Loading orders_2024-11-04.csv
2026-03-17 16:55:21 - [load_csv] - Loading orders_2024-11-05.csv
2026-03-17 16:55:24 - [load_csv] - Loading orders_2024-11-06.csv
2026-03-17 16:55:26 - [load_csv] - Loading orders_2024-11-07.csv
2026-03-17 16:55:28 - [load_csv] - Loading orders_2024-11-08.csv
2026-03-17 16:55:31 - [load_csv] - Loading orders_2024-11-09.csv
2026-03-17 16:55:33 - [load_csv] - Loading orders_2024-11-10.csv
2026-03-17 16:55:35 - [load_csv] - Loading orders_2024-11-11.csv
2026-03-17 16:55:38 - [load_csv] - Loading orders_2024-11-12.csv
2026-03-17 16:55:40 - [load_csv] - Loading orders_2024-11-13.csv
2026-03-17 16:55:42 - [load_csv] - Loading orders_2024-11-14.csv
2026-03-17 16:55:45 - [load_csv] - Loading orders_2024-11-15.csv
2026-03-17 16:55:47 - [load_csv] - Loading orders_2024-11-16.csv
2026-03-17 16:55:49 - [load_csv] - Loading orders_2024-11-17.csv
2026-03-17 16:55:52 - [load_csv] - Loading orders_2024-11-18.csv
2026-03-17 16:55:54 - [load_csv] - Loading orders_2024-11-19.csv
2026-03-17 16:55:56 - [load_csv] - Loading orders_2024-11-20.csv
2026-03-17 16:55:59 - [load_csv] - Loading orders_2024-11-21.csv
2026-03-17 16:56:01 - [load_csv] - Loading orders_2024-11-22.csv
2026-03-17 16:56:03 - [load_csv] - Loading orders_2024-11-23.csv
2026-03-17 16:56:05 - [load_csv] - Loading orders_2024-11-24.csv
2026-03-17 16:56:08 - [load_csv] - Loading orders_2024-11-25.csv
2026-03-17 16:56:10 - [load_csv] - Loading orders_2024-11-26.csv
2026-03-17 16:56:12 - [load_csv] - Loading orders_2024-11-27.csv
2026-03-17 16:56:15 - [load_csv] - Loading orders_2024-11-28.csv
2026-03-17 16:56:17 - [load_csv] - Loading orders_2024-11-29.csv
2026-03-17 16:56:19 - [load_csv] - Loading orders_2024-11-30.csv
2026-03-17 16:56:21 - [load_csv] - Loading orders_2024-12-01.csv
2026-03-17 16:56:24 - [load_csv] - Loading orders_2024-12-02.csv
2026-03-17 16:56:26 - [load_csv] - Loading orders_2024-12-03.csv
2026-03-17 16:56:29 - [load_csv] - Loading orders_2024-12-04.csv
2026-03-17 16:56:31 - [load_csv] - Loading orders_2024-12-05.csv
2026-03-17 16:56:33 - [load_csv] - Loading orders_2024-12-06.csv
2026-03-17 16:56:35 - [load_csv] - Loading orders_2024-12-07.csv
2026-03-17 16:56:37 - [load_csv] - Loading orders_2024-12-08.csv
2026-03-17 16:56:40 - [load_csv] - Loading orders_2024-12-09.csv
2026-03-17 16:56:42 - [load_csv] - Loading orders_2024-12-10.csv
2026-03-17 16:56:44 - [load_csv] - Loading orders_2024-12-11.csv
2026-03-17 16:56:47 - [load_csv] - Loading orders_2024-12-12.csv
2026-03-17 16:56:49 - [load_csv] - Loading orders_2024-12-13.csv
2026-03-17 16:56:52 - [load_csv] - Loading orders_2024-12-14.csv
2026-03-17 16:56:54 - [load_csv] - Loading orders_2024-12-15.csv
2026-03-17 16:56:57 - [load_csv] - Loading orders_2024-12-16.csv
2026-03-17 16:56:59 - [load_csv] - Loading orders_2024-12-17.csv
2026-03-17 16:57:01 - [load_csv] - Loading orders_2024-12-18.csv
2026-03-17 16:57:03 - [load_csv] - Loading orders_2024-12-19.csv
2026-03-17 16:57:06 - [load_csv] - Loading orders_2024-12-20.csv
2026-03-17 16:57:08 - [load_csv] - Loading orders_2024-12-21.csv
2026-03-17 16:57:10 - [load_csv] - Loading orders_2024-12-22.csv
2026-03-17 16:57:13 - [load_csv] - Loading orders_2024-12-23.csv
2026-03-17 16:57:15 - [load_csv] - Loading orders_2024-12-24.csv
2026-03-17 16:57:17 - [load_csv] - Loading orders_2024-12-25.csv
2026-03-17 16:57:20 - [load_csv] - Loading orders_2024-12-26.csv
2026-03-17 16:57:22 - [load_csv] - Loading orders_2024-12-27.csv
2026-03-17 16:57:25 - [load_csv] - Loading orders_2024-12-28.csv
2026-03-17 16:57:27 - [load_csv] - Loading orders_2024-12-29.csv
2026-03-17 16:57:29 - [load_csv] - Loading orders_2024-12-30.csv
2026-03-17 16:57:32 - [load_csv] - Loading orders_2024-12-31.csv
2026-03-17 16:57:34 - [load_csv] - Loading orders_2025-01-01.csv
2026-03-17 16:57:37 - [load_csv] - Loading orders_2025-01-02.csv
2026-03-17 16:57:39 - [load_csv] - Loading orders_2025-01-03.csv
2026-03-17 16:57:41 - [load_csv] - Loading orders_2025-01-04.csv
2026-03-17 16:57:43 - [load_csv] - Loading orders_2025-01-05.csv
2026-03-17 16:57:46 - [load_csv] - Loading orders_2025-01-06.csv
2026-03-17 16:57:48 - [load_csv] - Loading orders_2025-01-07.csv
2026-03-17 16:57:50 - [load_csv] - Loading orders_2025-01-08.csv
2026-03-17 16:57:53 - [load_csv] - Loading orders_2025-01-09.csv
2026-03-17 16:57:56 - [load_csv] - Loading orders_2025-01-10.csv
2026-03-17 16:57:58 - [load_csv] - Loading orders_2025-01-11.csv
2026-03-17 16:58:01 - [load_csv] - Loading orders_2025-01-12.csv
2026-03-17 16:58:03 - [load_csv] - Loading orders_2025-01-13.csv
2026-03-17 16:58:05 - [load_csv] - Loading orders_2025-01-14.csv
2026-03-17 16:58:08 - [load_csv] - Loading orders_2025-01-15.csv
2026-03-17 16:58:10 - [load_csv] - Loading orders_2025-01-16.csv
2026-03-17 16:58:12 - [load_csv] - Loading orders_2025-01-17.csv
2026-03-17 16:58:14 - [load_csv] - Loading orders_2025-01-18.csv
2026-03-17 16:58:17 - [load_csv] - Loading orders_2025-01-19.csv
2026-03-17 16:58:19 - [load_csv] - Loading orders_2025-01-20.csv
2026-03-17 16:58:21 - [load_csv] - Loading orders_2025-01-21.csv
2026-03-17 16:58:24 - [load_csv] - Loading orders_2025-01-22.csv
2026-03-17 16:58:26 - [load_csv] - Loading orders_2025-01-23.csv
2026-03-17 16:58:29 - [load_csv] - Loading orders_2025-01-24.csv
2026-03-17 16:58:31 - [load_csv] - Loading orders_2025-01-25.csv
2026-03-17 16:58:33 - [load_csv] - Loading orders_2025-01-26.csv
2026-03-17 16:58:35 - [load_csv] - Loading orders_2025-01-27.csv
2026-03-17 16:58:38 - [load_csv] - Loading orders_2025-01-28.csv
2026-03-17 16:58:40 - [load_csv] - Loading orders_2025-01-29.csv
2026-03-17 16:58:42 - [load_csv] - Loading orders_2025-01-30.csv
2026-03-17 16:58:44 - [load_csv] - Loading orders_2025-01-31.csv
2026-03-17 16:58:47 - [load_csv] - Loading orders_2025-02-01.csv
2026-03-17 16:58:49 - [load_csv] - Loading orders_2025-02-02.csv
2026-03-17 16:58:51 - [load_csv] - Loading orders_2025-02-03.csv
2026-03-17 16:58:54 - [load_csv] - Loading orders_2025-02-04.csv
2026-03-17 16:58:56 - [load_csv] - Loading orders_2025-02-05.csv
2026-03-17 16:58:58 - [load_csv] - Loading orders_2025-02-06.csv
2026-03-17 16:59:01 - [load_csv] - Loading orders_2025-02-07.csv
2026-03-17 16:59:03 - [load_csv] - Loading orders_2025-02-08.csv
2026-03-17 16:59:05 - [load_csv] - Loading orders_2025-02-09.csv
2026-03-17 16:59:08 - [load_csv] - Loading orders_2025-02-10.csv
2026-03-17 16:59:10 - [load_csv] - Loading orders_2025-02-11.csv
2026-03-17 16:59:12 - [load_csv] - Loading orders_2025-02-12.csv
2026-03-17 16:59:14 - [load_csv] - Loading orders_2025-02-13.csv
2026-03-17 16:59:17 - [load_csv] - Loading orders_2025-02-14.csv
2026-03-17 16:59:19 - [load_csv] - Loading orders_2025-02-15.csv
2026-03-17 16:59:21 - [load_csv] - Loading orders_2025-02-16.csv
2026-03-17 16:59:23 - [load_csv] - Loading orders_2025-02-17.csv
2026-03-17 16:59:26 - [load_csv] - Loading orders_2025-02-18.csv
2026-03-17 16:59:28 - [load_csv] - Loading orders_2025-02-19.csv
2026-03-17 16:59:30 - [load_csv] - Loading orders_2025-02-20.csv
2026-03-17 16:59:33 - [load_csv] - Loading orders_2025-02-21.csv
2026-03-17 16:59:35 - [load_csv] - Loading orders_2025-02-22.csv
2026-03-17 16:59:37 - [load_csv] - Loading orders_2025-02-23.csv
2026-03-17 16:59:40 - [load_csv] - Loading orders_2025-02-24.csv
2026-03-17 16:59:42 - [load_csv] - Loading orders_2025-02-25.csv
2026-03-17 16:59:44 - [load_csv] - Loading orders_2025-02-26.csv
2026-03-17 16:59:47 - [load_csv] - Loading orders_2025-02-27.csv
2026-03-17 16:59:49 - [load_csv] - Loading orders_2025-02-28.csv
2026-03-17 16:59:51 - [load_csv] - Loading orders_2025-03-01.csv
2026-03-17 16:59:53 - [load_csv] - Loading orders_2025-03-02.csv
2026-03-17 16:59:56 - [load_csv] - Loading orders_2025-03-03.csv
2026-03-17 16:59:58 - [load_csv] - Loading orders_2025-03-04.csv
2026-03-17 17:00:00 - [load_csv] - Loading orders_2025-03-05.csv
2026-03-17 17:00:03 - [load_csv] - Loading orders_2025-03-06.csv
2026-03-17 17:00:05 - [load_csv] - Loading orders_2025-03-07.csv
2026-03-17 17:00:07 - [load_csv] - Loading orders_2025-03-08.csv
2026-03-17 17:00:10 - [load_csv] - Loading orders_2025-03-09.csv
2026-03-17 17:00:12 - [load_csv] - Loading orders_2025-03-10.csv
2026-03-17 17:00:14 - [load_csv] - Loading orders_2025-03-11.csv
2026-03-17 17:00:17 - [load_csv] - Loading orders_2025-03-12.csv
2026-03-17 17:00:19 - [load_csv] - Loading orders_2025-03-13.csv
2026-03-17 17:00:21 - [load_csv] - Loading orders_2025-03-14.csv
2026-03-17 17:00:23 - [load_csv] - Loading orders_2025-03-15.csv
2026-03-17 17:00:26 - [load_csv] - Loading orders_2025-03-16.csv
2026-03-17 17:00:28 - [load_csv] - Loading orders_2025-03-17.csv
2026-03-17 17:00:30 - [load_csv] - Loading orders_2025-03-18.csv
2026-03-17 17:00:32 - [load_csv] - Loading orders_2025-03-19.csv
2026-03-17 17:00:34 - [load_csv] - Loading orders_2025-03-20.csv
2026-03-17 17:00:37 - [load_csv] - Loading orders_2025-03-21.csv
2026-03-17 17:00:39 - [load_csv] - Loading orders_2025-03-22.csv
2026-03-17 17:00:41 - [load_csv] - Loading orders_2025-03-23.csv
2026-03-17 17:00:44 - [load_csv] - Loading orders_2025-03-24.csv
2026-03-17 17:00:46 - [load_csv] - Loading orders_2025-03-25.csv
2026-03-17 17:00:48 - [load_csv] - Loading orders_2025-03-26.csv
2026-03-17 17:00:50 - [load_csv] - Loading orders_2025-03-27.csv
2026-03-17 17:00:53 - [load_csv] - Loading orders_2025-03-28.csv
2026-03-17 17:00:55 - [load_csv] - Loading orders_2025-03-29.csv
2026-03-17 17:00:58 - [load_csv] - Loading orders_2025-03-30.csv
2026-03-17 17:01:00 - [load_csv] - Loading orders_2025-03-31.csv
2026-03-17 17:01:02 - [load_csv] - Loading orders_2025-04-01.csv
2026-03-17 17:01:04 - [load_csv] - Loading orders_2025-04-02.csv
2026-03-17 17:01:06 - [load_csv] - Loading orders_2025-04-03.csv
2026-03-17 17:01:09 - [load_csv] - Loading orders_2025-04-04.csv
2026-03-17 17:01:11 - [load_csv] - Loading orders_2025-04-05.csv
2026-03-17 17:01:14 - [load_csv] - Loading orders_2025-04-06.csv
2026-03-17 17:01:17 - [load_csv] - Loading orders_2025-04-07.csv
2026-03-17 17:01:20 - [load_csv] - Loading orders_2025-04-08.csv
2026-03-17 17:01:23 - [load_csv] - Loading orders_2025-04-09.csv
2026-03-17 17:01:25 - [load_csv] - Loading orders_2025-04-10.csv
2026-03-17 17:01:28 - [load_csv] - Loading orders_2025-04-11.csv
2026-03-17 17:01:31 - [load_csv] - Loading orders_2025-04-12.csv
2026-03-17 17:01:34 - [load_csv] - Loading orders_2025-04-13.csv
2026-03-17 17:01:36 - [load_csv] - Loading orders_2025-04-14.csv
2026-03-17 17:01:39 - [load_csv] - Loading orders_2025-04-15.csv
2026-03-17 17:01:41 - [load_csv] - Loading orders_2025-04-16.csv
2026-03-17 17:01:44 - [load_csv] - Loading orders_2025-04-17.csv
2026-03-17 17:01:46 - [load_csv] - Loading orders_2025-04-18.csv
2026-03-17 17:01:49 - [load_csv] - Loading orders_2025-04-19.csv
2026-03-17 17:01:51 - [load_csv] - Loading orders_2025-04-20.csv
2026-03-17 17:01:53 - [load_csv] - Loading orders_2025-04-21.csv
2026-03-17 17:01:55 - [load_csv] - Loading orders_2025-04-22.csv
2026-03-17 17:01:58 - [load_csv] - Loading orders_2025-04-23.csv
2026-03-17 17:02:00 - [load_csv] - Loading orders_2025-04-24.csv
2026-03-17 17:02:03 - [load_csv] - Loading orders_2025-04-25.csv
2026-03-17 17:02:05 - [load_csv] - Loading orders_2025-04-26.csv
2026-03-17 17:02:08 - [load_csv] - Loading orders_2025-04-27.csv
2026-03-17 17:02:10 - [load_csv] - Loading orders_2025-04-28.csv
2026-03-17 17:02:13 - [load_csv] - Loading orders_2025-04-29.csv
2026-03-17 17:02:15 - [load_csv] - Loading orders_2025-04-30.csv
2026-03-17 17:02:18 - [load_csv] - Loading orders_2025-05-01.csv
2026-03-17 17:02:21 - [load_csv] - Loading orders_2025-05-02.csv
2026-03-17 17:02:23 - [load_csv] - Loading orders_2025-05-03.csv
2026-03-17 17:02:26 - [load_csv] - Loading orders_2025-05-04.csv
2026-03-17 17:02:28 - [load_csv] - Loading orders_2025-05-05.csv
2026-03-17 17:02:31 - [load_csv] - Loading orders_2025-05-06.csv
2026-03-17 17:02:34 - [load_csv] - Loading orders_2025-05-07.csv
2026-03-17 17:02:36 - [load_csv] - Loading orders_2025-05-08.csv
2026-03-17 17:02:39 - [load_csv] - Loading orders_2025-05-09.csv
2026-03-17 17:02:41 - [load_csv] - Loading orders_2025-05-10.csv
2026-03-17 17:02:43 - [load_csv] - Loading orders_2025-05-11.csv
2026-03-17 17:02:46 - [load_csv] - Loading orders_2025-05-12.csv
2026-03-17 17:02:49 - [load_csv] - Loading orders_2025-05-13.csv
2026-03-17 17:02:51 - [load_csv] - Loading orders_2025-05-14.csv
2026-03-17 17:02:54 - [load_csv] - Loading orders_2025-05-15.csv
2026-03-17 17:02:57 - [load_csv] - Loading orders_2025-05-16.csv
2026-03-17 17:02:59 - [load_csv] - Loading orders_2025-05-17.csv
2026-03-17 17:03:01 - [load_csv] - Loading orders_2025-05-18.csv
2026-03-17 17:03:04 - [load_csv] - Loading orders_2025-05-19.csv
2026-03-17 17:03:06 - [load_csv] - Loading orders_2025-05-20.csv
2026-03-17 17:03:09 - [load_csv] - Loading orders_2025-05-21.csv
2026-03-17 17:03:11 - [load_csv] - Loading orders_2025-05-22.csv
2026-03-17 17:03:14 - [load_csv] - Loading orders_2025-05-23.csv
2026-03-17 17:03:16 - [load_csv] - Loading orders_2025-05-24.csv
2026-03-17 17:03:19 - [load_csv] - Loading orders_2025-05-25.csv
2026-03-17 17:03:21 - [load_csv] - Loading orders_2025-05-26.csv
2026-03-17 17:03:24 - [load_csv] - Loading orders_2025-05-27.csv
2026-03-17 17:03:27 - [load_csv] - Loading orders_2025-05-28.csv
2026-03-17 17:03:30 - [load_csv] - Loading orders_2025-05-29.csv
2026-03-17 17:03:32 - [load_csv] - Loading orders_2025-05-30.csv
2026-03-17 17:03:35 - [load_csv] - Loading orders_2025-05-31.csv
2026-03-17 17:03:37 - [load_csv] - Loading orders_2025-06-01.csv
2026-03-17 17:03:40 - [load_csv] - Loading orders_2025-06-02.csv
2026-03-17 17:03:43 - [load_csv] - Loading orders_2025-06-03.csv
2026-03-17 17:03:45 - [load_csv] - Loading orders_2025-06-04.csv
2026-03-17 17:03:48 - [load_csv] - Loading orders_2025-06-05.csv
2026-03-17 17:03:51 - [load_csv] - Loading orders_2025-06-06.csv
2026-03-17 17:03:53 - [load_csv] - Loading orders_2025-06-07.csv
2026-03-17 17:03:56 - [load_csv] - Loading orders_2025-06-08.csv
2026-03-17 17:03:59 - [load_csv] - Loading orders_2025-06-09.csv
2026-03-17 17:04:01 - [load_csv] - Loading orders_2025-06-10.csv
2026-03-17 17:04:04 - [load_csv] - Loading orders_2025-06-11.csv
2026-03-17 17:04:06 - [load_csv] - Loading orders_2025-06-12.csv
2026-03-17 17:04:09 - [load_csv] - Loading orders_2025-06-13.csv
2026-03-17 17:04:11 - [load_csv] - Loading orders_2025-06-14.csv
2026-03-17 17:04:14 - [load_csv] - Loading orders_2025-06-15.csv
2026-03-17 17:04:16 - [load_csv] - Loading orders_2025-06-16.csv
2026-03-17 17:04:19 - [load_csv] - Loading orders_2025-06-17.csv
2026-03-17 17:04:21 - [load_csv] - Loading orders_2025-06-18.csv
2026-03-17 17:04:24 - [load_csv] - Loading orders_2025-06-19.csv
2026-03-17 17:04:26 - [load_csv] - Loading orders_2025-06-20.csv
2026-03-17 17:04:29 - [load_csv] - Loading orders_2025-06-21.csv
2026-03-17 17:04:31 - [load_csv] - Loading orders_2025-06-22.csv
2026-03-17 17:04:34 - [load_csv] - Loading orders_2025-06-23.csv
2026-03-17 17:04:37 - [load_csv] - Loading orders_2025-06-24.csv
2026-03-17 17:04:39 - [load_csv] - Loading orders_2025-06-25.csv
2026-03-17 17:04:41 - [load_csv] - Loading orders_2025-06-26.csv
2026-03-17 17:04:44 - [load_csv] - Loading orders_2025-06-27.csv
2026-03-17 17:04:46 - [load_csv] - Loading orders_2025-06-28.csv
2026-03-17 17:04:49 - [load_csv] - Loading orders_2025-06-29.csv
2026-03-17 17:04:52 - [load_csv] - Loading orders_2025-06-30.csv
2026-03-17 17:04:54 - [load_csv] - Loading orders_2025-07-01.csv
2026-03-17 17:04:57 - [load_csv] - Loading orders_2025-07-02.csv
2026-03-17 17:04:59 - [load_csv] - Loading orders_2025-07-03.csv
2026-03-17 17:05:02 - [load_csv] - Loading orders_2025-07-04.csv
2026-03-17 17:05:04 - [load_csv] - Loading orders_2025-07-05.csv
2026-03-17 17:05:07 - [load_csv] - Loading orders_2025-07-06.csv
2026-03-17 17:05:10 - [load_csv] - Loading orders_2025-07-07.csv
2026-03-17 17:05:12 - [load_csv] - Loading orders_2025-07-08.csv
2026-03-17 17:05:15 - [load_csv] - Loading orders_2025-07-09.csv
2026-03-17 17:05:17 - [load_csv] - Loading orders_2025-07-10.csv
2026-03-17 17:05:20 - [load_csv] - Loading orders_2025-07-11.csv
2026-03-17 17:05:23 - [load_csv] - Loading orders_2025-07-12.csv
2026-03-17 17:05:26 - [load_csv] - Loading orders_2025-07-13.csv
2026-03-17 17:05:29 - [load_csv] - Loading orders_2025-07-14.csv
2026-03-17 17:05:32 - [load_csv] - Loading orders_2025-07-15.csv
2026-03-17 17:05:34 - [load_csv] - Loading orders_2025-07-16.csv
2026-03-17 17:05:37 - [load_csv] - Loading orders_2025-07-17.csv
2026-03-17 17:05:40 - [load_csv] - Loading orders_2025-07-18.csv
2026-03-17 17:05:43 - [load_csv] - Loading orders_2025-07-19.csv
2026-03-17 17:05:45 - [load_csv] - Loading orders_2025-07-20.csv
2026-03-17 17:05:48 - [load_csv] - Loading orders_2025-07-21.csv
2026-03-17 17:05:50 - [load_csv] - Loading orders_2025-07-22.csv
2026-03-17 17:05:54 - [load_csv] - Loading orders_2025-07-23.csv
2026-03-17 17:05:56 - [load_csv] - Loading orders_2025-07-24.csv
2026-03-17 17:05:59 - [load_csv] - Loading orders_2025-07-25.csv
2026-03-17 17:06:01 - [load_csv] - Loading orders_2025-07-26.csv
2026-03-17 17:06:04 - [load_csv] - Loading orders_2025-07-27.csv
2026-03-17 17:06:05 - [load_csv] - Error loading orders_2025-07-27.csv: Task received SIGTERM signal
2026-03-17 17:06:05 - [load_csv] - Loading orders_2025-07-28.csv
