2026-03-17 16:04:29 - [generate_csv] - Generating data for 2026-03-17
2026-03-17 16:04:29 - [generate_csv] - Generated data for 2026-03-17
2026-03-17 16:04:29 - [generate_csv] - SUCCESS
2026-03-17 16:04:33 - [create_schema] - SUCCESS
2026-03-17 16:04:36 - [create_trigger] - Executing DDL: /opt/airflow/sql/trigger.sql
2026-03-17 16:04:36 - [create_trigger] - Stmt 1
2026-03-17 16:04:36 - [create_trigger] - Stmt 2
2026-03-17 16:04:36 - [create_trigger] - Stmt 3
2026-03-17 16:04:36 - [create_trigger] - Stmt 4
2026-03-17 16:04:36 - [create_trigger] - SUCCESS
2026-03-17 16:04:39 - [create_olap_schema] - SUCCESS
2026-03-17 16:05:00 - [start_debezium] - SUCCESS
2026-03-17 16:05:03 - [load_csv] - Loading customers_2026-03-17.csv
2026-03-17 16:05:05 - [load_csv] - Loading products_2026-03-17.csv
2026-03-17 16:05:08 - [load_csv] - Loading orders_2026-03-17.csv
2026-03-17 16:05:10 - [load_csv] - Loading payments_2026-03-17.csv
2026-03-17 16:05:13 - [load_csv] - SUCCESS
2026-03-17 16:05:16 - [run_etl_processor] - Initializing ETL Pipeline (Batch: True)
2026-03-17 16:05:20 - [run_etl_processor] - Processed 10 messages...
2026-03-17 16:05:20 - [run_etl_processor] - Processed 20 messages...
2026-03-17 16:05:20 - [run_etl_processor] - Processed 30 messages...
2026-03-17 16:05:21 - [run_etl_processor] - Processed 40 messages...
2026-03-17 16:05:21 - [run_etl_processor] - Processed 50 messages...
2026-03-17 16:05:21 - [run_etl_processor] - Processed 60 messages...
2026-03-17 16:05:21 - [run_etl_processor] - Processed 70 messages...
2026-03-17 16:05:21 - [run_etl_processor] - Processed 80 messages...
2026-03-17 16:05:21 - [run_etl_processor] - Processed 90 messages...
2026-03-17 16:05:21 - [run_etl_processor] - Processed 100 messages...
2026-03-17 16:05:21 - [run_etl_processor] - Processed 110 messages...
2026-03-17 16:05:21 - [run_etl_processor] - Processed 120 messages...
2026-03-17 16:05:21 - [run_etl_processor] - Processed 130 messages...
2026-03-17 16:05:21 - [run_etl_processor] - Processed 140 messages...
2026-03-17 16:05:21 - [run_etl_processor] - Processed 150 messages...
2026-03-17 16:05:21 - [run_etl_processor] - Processed 160 messages...
2026-03-17 16:05:21 - [run_etl_processor] - Processed 170 messages...
2026-03-17 16:05:21 - [run_etl_processor] - Processed 180 messages...
2026-03-17 16:05:21 - [run_etl_processor] - Processed 190 messages...
2026-03-17 16:05:22 - [run_etl_processor] - Processed 200 messages...
2026-03-17 16:05:22 - [run_etl_processor] - Processed 210 messages...
2026-03-17 16:05:22 - [run_etl_processor] - Processed 220 messages...
2026-03-17 16:05:22 - [run_etl_processor] - Processed 230 messages...
2026-03-17 16:05:22 - [run_etl_processor] - Processed 240 messages...
2026-03-17 16:05:22 - [run_etl_processor] - Processed 250 messages...
2026-03-17 16:05:22 - [run_etl_processor] - Processed 260 messages...
2026-03-17 16:05:22 - [run_etl_processor] - Processed 270 messages...
2026-03-17 16:05:22 - [run_etl_processor] - Processed 280 messages...
2026-03-17 16:05:22 - [run_etl_processor] - Processed 290 messages...
2026-03-17 16:05:22 - [run_etl_processor] - Processed 300 messages...
2026-03-17 16:05:22 - [run_etl_processor] - Processed 310 messages...
2026-03-17 16:05:22 - [run_etl_processor] - Processed 320 messages...
2026-03-17 16:05:22 - [run_etl_processor] - Processed 330 messages...
2026-03-17 16:05:23 - [run_etl_processor] - Processed 340 messages...
2026-03-17 16:05:23 - [run_etl_processor] - Processed 350 messages...
2026-03-17 16:05:23 - [run_etl_processor] - Processed 360 messages...
2026-03-17 16:05:23 - [run_etl_processor] - Processed 370 messages...
2026-03-17 16:06:03 - [run_etl_processor] - ETL completed. Total: 374, Failed: 0
2026-03-17 16:06:03 - [run_etl_processor] - SUCCESS
