2026-03-17 16:20:44 - [generate_csv] - Generating data for 2026-03-17
2026-03-17 16:20:45 - [generate_csv] - Generated data for 2026-03-17
2026-03-17 16:20:45 - [generate_csv] - SUCCESS
2026-03-17 16:20:50 - [create_schema] - SUCCESS
2026-03-17 16:20:54 - [create_trigger] - Executing DDL: /opt/airflow/sql/trigger.sql
2026-03-17 16:20:54 - [create_trigger] - Stmt 1
2026-03-17 16:20:54 - [create_trigger] - Stmt 2
2026-03-17 16:20:54 - [create_trigger] - Stmt 3
2026-03-17 16:20:54 - [create_trigger] - Stmt 4
2026-03-17 16:20:54 - [create_trigger] - SUCCESS
2026-03-17 16:20:57 - [create_olap_schema] - SUCCESS
2026-03-17 16:21:16 - [start_debezium] - SUCCESS
2026-03-17 16:21:19 - [load_csv] - Loading customers_2026-03-17.csv
2026-03-17 16:21:22 - [load_csv] - Loading products_2026-03-16.csv
2026-03-17 16:21:25 - [load_csv] - Loading products_2026-03-17.csv
2026-03-17 16:21:28 - [load_csv] - Loading orders_2026-03-16.csv
2026-03-17 16:21:31 - [load_csv] - Loading orders_2026-03-17.csv
2026-03-17 16:21:34 - [load_csv] - Loading payments_2026-03-16.csv
2026-03-17 16:21:36 - [load_csv] - Loading payments_2026-03-17.csv
2026-03-17 16:21:39 - [load_csv] - SUCCESS
2026-03-17 16:21:43 - [run_etl_processor] - Initializing ETL Pipeline (Batch: True)
2026-03-17 16:21:47 - [run_etl_processor] - Processed 10 messages...
2026-03-17 16:21:47 - [run_etl_processor] - Processed 20 messages...
2026-03-17 16:21:47 - [run_etl_processor] - Processed 30 messages...
2026-03-17 16:21:47 - [run_etl_processor] - Processed 40 messages...
2026-03-17 16:21:47 - [run_etl_processor] - Processed 50 messages...
2026-03-17 16:21:47 - [run_etl_processor] - Processed 60 messages...
2026-03-17 16:21:47 - [run_etl_processor] - Processed 70 messages...
2026-03-17 16:21:47 - [run_etl_processor] - Processed 80 messages...
2026-03-17 16:21:48 - [run_etl_processor] - Processed 90 messages...
2026-03-17 16:21:48 - [run_etl_processor] - Processed 100 messages...
2026-03-17 16:21:48 - [run_etl_processor] - Processed 110 messages...
2026-03-17 16:21:48 - [run_etl_processor] - Processed 120 messages...
2026-03-17 16:21:48 - [run_etl_processor] - Processed 130 messages...
2026-03-17 16:21:48 - [run_etl_processor] - Processed 140 messages...
2026-03-17 16:21:48 - [run_etl_processor] - Processed 150 messages...
2026-03-17 16:21:48 - [run_etl_processor] - Processed 160 messages...
2026-03-17 16:21:48 - [run_etl_processor] - Processed 170 messages...
2026-03-17 16:21:48 - [run_etl_processor] - Processed 180 messages...
2026-03-17 16:21:48 - [run_etl_processor] - Processed 190 messages...
2026-03-17 16:21:48 - [run_etl_processor] - Processed 200 messages...
2026-03-17 16:21:48 - [run_etl_processor] - Processed 210 messages...
2026-03-17 16:21:48 - [run_etl_processor] - Processed 220 messages...
2026-03-17 16:21:49 - [run_etl_processor] - Processed 230 messages...
2026-03-17 16:21:49 - [run_etl_processor] - Processed 240 messages...
2026-03-17 16:21:49 - [run_etl_processor] - Processed 250 messages...
2026-03-17 16:21:49 - [run_etl_processor] - Processed 260 messages...
2026-03-17 16:21:49 - [run_etl_processor] - Processed 270 messages...
2026-03-17 16:21:49 - [run_etl_processor] - Processed 280 messages...
2026-03-17 16:21:49 - [run_etl_processor] - Processed 290 messages...
2026-03-17 16:21:49 - [run_etl_processor] - Processed 300 messages...
2026-03-17 16:21:49 - [run_etl_processor] - Processed 310 messages...
2026-03-17 16:21:49 - [run_etl_processor] - Processed 320 messages...
2026-03-17 16:21:49 - [run_etl_processor] - Processed 330 messages...
2026-03-17 16:21:49 - [run_etl_processor] - Processed 340 messages...
2026-03-17 16:21:49 - [run_etl_processor] - Processed 350 messages...
2026-03-17 16:21:50 - [run_etl_processor] - Processed 360 messages...
2026-03-17 16:21:50 - [run_etl_processor] - Processed 370 messages...
2026-03-17 16:21:50 - [run_etl_processor] - Processed 380 messages...
2026-03-17 16:21:50 - [run_etl_processor] - Processed 390 messages...
2026-03-17 16:21:50 - [run_etl_processor] - Processed 400 messages...
2026-03-17 16:21:50 - [run_etl_processor] - Processed 410 messages...
2026-03-17 16:21:50 - [run_etl_processor] - Processed 420 messages...
2026-03-17 16:21:50 - [run_etl_processor] - Processed 430 messages...
2026-03-17 16:21:50 - [run_etl_processor] - Processed 440 messages...
2026-03-17 16:21:50 - [run_etl_processor] - Processed 450 messages...
2026-03-17 16:21:50 - [run_etl_processor] - Processed 460 messages...
2026-03-17 16:21:51 - [run_etl_processor] - Processed 470 messages...
2026-03-17 16:21:51 - [run_etl_processor] - Processed 480 messages...
2026-03-17 16:21:51 - [run_etl_processor] - Processed 490 messages...
2026-03-17 16:21:51 - [run_etl_processor] - Processed 500 messages...
2026-03-17 16:21:52 - [run_etl_processor] - Processed 510 messages...
2026-03-17 16:21:52 - [run_etl_processor] - Processed 520 messages...
2026-03-17 16:21:52 - [run_etl_processor] - Processed 530 messages...
2026-03-17 16:21:52 - [run_etl_processor] - Processed 540 messages...
2026-03-17 16:21:52 - [run_etl_processor] - Processed 550 messages...
2026-03-17 16:21:52 - [run_etl_processor] - Processed 560 messages...
2026-03-17 16:21:52 - [run_etl_processor] - Processed 570 messages...
2026-03-17 16:21:52 - [run_etl_processor] - Processed 580 messages...
2026-03-17 16:21:52 - [run_etl_processor] - Processed 590 messages...
2026-03-17 16:21:52 - [run_etl_processor] - Processed 600 messages...
2026-03-17 16:21:53 - [run_etl_processor] - Processed 610 messages...
2026-03-17 16:21:53 - [run_etl_processor] - Processed 620 messages...
2026-03-17 16:21:53 - [run_etl_processor] - Processed 630 messages...
2026-03-17 16:21:53 - [run_etl_processor] - Processed 640 messages...
2026-03-17 16:21:53 - [run_etl_processor] - Processed 650 messages...
2026-03-17 16:21:53 - [run_etl_processor] - Processed 660 messages...
2026-03-17 16:21:53 - [run_etl_processor] - Processed 670 messages...
2026-03-17 16:21:53 - [run_etl_processor] - Processed 680 messages...
2026-03-17 16:21:53 - [run_etl_processor] - Processed 690 messages...
2026-03-17 16:21:53 - [run_etl_processor] - Processed 700 messages...
2026-03-17 16:21:53 - [run_etl_processor] - Processed 710 messages...
2026-03-17 16:21:53 - [run_etl_processor] - Processed 720 messages...
2026-03-17 16:21:53 - [run_etl_processor] - Processed 730 messages...
2026-03-17 16:21:53 - [run_etl_processor] - Processed 740 messages...
2026-03-17 16:21:53 - [run_etl_processor] - Processed 750 messages...
2026-03-17 16:21:54 - [run_etl_processor] - Processed 760 messages...
2026-03-17 16:21:54 - [run_etl_processor] - Processed 770 messages...
2026-03-17 16:21:54 - [run_etl_processor] - Processed 780 messages...
2026-03-17 16:21:54 - [run_etl_processor] - Processed 790 messages...
2026-03-17 16:21:54 - [run_etl_processor] - Processed 800 messages...
2026-03-17 16:21:54 - [run_etl_processor] - Processed 810 messages...
2026-03-17 16:21:54 - [run_etl_processor] - Processed 820 messages...
2026-03-17 16:21:54 - [run_etl_processor] - Processed 830 messages...
2026-03-17 16:21:54 - [run_etl_processor] - Processed 840 messages...
2026-03-17 16:21:54 - [run_etl_processor] - Processed 850 messages...
2026-03-17 16:21:54 - [run_etl_processor] - Processed 860 messages...
2026-03-17 16:21:54 - [run_etl_processor] - Processed 870 messages...
2026-03-17 16:21:54 - [run_etl_processor] - Processed 880 messages...
2026-03-17 16:21:54 - [run_etl_processor] - Processed 890 messages...
2026-03-17 16:21:54 - [run_etl_processor] - Processed 900 messages...
2026-03-17 16:21:54 - [run_etl_processor] - Processed 910 messages...
2026-03-17 16:21:54 - [run_etl_processor] - Processed 920 messages...
2026-03-17 16:21:55 - [run_etl_processor] - Processed 930 messages...
2026-03-17 16:21:55 - [run_etl_processor] - Processed 940 messages...
2026-03-17 16:21:55 - [run_etl_processor] - Processed 950 messages...
2026-03-17 16:21:55 - [run_etl_processor] - Processed 960 messages...
2026-03-17 16:21:55 - [run_etl_processor] - Processed 970 messages...
2026-03-17 16:21:55 - [run_etl_processor] - Processed 980 messages...
2026-03-17 16:21:55 - [run_etl_processor] - Processed 990 messages...
2026-03-17 16:21:55 - [run_etl_processor] - Processed 1000 messages...
2026-03-17 16:21:55 - [run_etl_processor] - Processed 1010 messages...
2026-03-17 16:21:55 - [run_etl_processor] - Processed 1020 messages...
2026-03-17 16:21:55 - [run_etl_processor] - Processed 1030 messages...
2026-03-17 16:21:55 - [run_etl_processor] - Processed 1040 messages...
2026-03-17 16:21:55 - [run_etl_processor] - Processed 1050 messages...
2026-03-17 16:21:56 - [run_etl_processor] - Processed 1060 messages...
2026-03-17 16:21:56 - [run_etl_processor] - Processed 1070 messages...
2026-03-17 16:21:56 - [run_etl_processor] - Processed 1080 messages...
2026-03-17 16:21:56 - [run_etl_processor] - Processed 1090 messages...
2026-03-17 16:21:56 - [run_etl_processor] - Processed 1100 messages...
2026-03-17 16:21:56 - [run_etl_processor] - Processed 1110 messages...
2026-03-17 16:21:56 - [run_etl_processor] - Processed 1120 messages...
2026-03-17 16:21:56 - [run_etl_processor] - Processed 1130 messages...
2026-03-17 16:21:56 - [run_etl_processor] - Processed 1140 messages...
2026-03-17 16:21:56 - [run_etl_processor] - Processed 1150 messages...
2026-03-17 16:21:56 - [run_etl_processor] - Processed 1160 messages...
2026-03-17 16:21:57 - [run_etl_processor] - Processed 1170 messages...
2026-03-17 16:21:57 - [run_etl_processor] - Processed 1180 messages...
2026-03-17 16:21:57 - [run_etl_processor] - Processed 1190 messages...
2026-03-17 16:21:57 - [run_etl_processor] - Processed 1200 messages...
2026-03-17 16:21:57 - [run_etl_processor] - Processed 1210 messages...
2026-03-17 16:21:57 - [run_etl_processor] - Processed 1220 messages...
2026-03-17 16:21:57 - [run_etl_processor] - Processed 1230 messages...
2026-03-17 16:21:58 - [run_etl_processor] - Processed 1240 messages...
2026-03-17 16:21:58 - [run_etl_processor] - Processed 1250 messages...
2026-03-17 16:21:58 - [run_etl_processor] - Processed 1260 messages...
2026-03-17 16:21:59 - [run_etl_processor] - Processed 1270 messages...
2026-03-17 16:22:39 - [run_etl_processor] - ETL completed. Total: 1272, Failed: 0
2026-03-17 16:22:39 - [run_etl_processor] - SUCCESS
