2026-03-17 16:11:25 - [generate_csv] - Generating data for 2026-03-17
2026-03-17 16:11:26 - [generate_csv] - Generated data for 2026-03-17
2026-03-17 16:11:26 - [generate_csv] - SUCCESS
2026-03-17 16:11:29 - [create_schema] - SUCCESS
2026-03-17 16:11:33 - [create_trigger] - Executing DDL: /opt/airflow/sql/trigger.sql
2026-03-17 16:11:33 - [create_trigger] - Stmt 1
2026-03-17 16:11:33 - [create_trigger] - Stmt 2
2026-03-17 16:11:33 - [create_trigger] - Stmt 3
2026-03-17 16:11:33 - [create_trigger] - Stmt 4
2026-03-17 16:11:33 - [create_trigger] - SUCCESS
2026-03-17 16:11:37 - [create_olap_schema] - SUCCESS
2026-03-17 16:11:55 - [start_debezium] - SUCCESS
2026-03-17 16:11:59 - [load_csv] - Loading customers_2026-03-17.csv
2026-03-17 16:12:01 - [load_csv] - Loading products_2026-03-17.csv
2026-03-17 16:12:03 - [load_csv] - Loading orders_2026-03-17.csv
2026-03-17 16:12:06 - [load_csv] - Loading payments_2026-03-17.csv
2026-03-17 16:12:09 - [load_csv] - SUCCESS
2026-03-17 16:12:12 - [run_etl_processor] - Initializing ETL Pipeline (Batch: True)
2026-03-17 16:12:17 - [run_etl_processor] - Processed 10 messages...
2026-03-17 16:12:17 - [run_etl_processor] - Processed 20 messages...
2026-03-17 16:12:17 - [run_etl_processor] - Processed 30 messages...
2026-03-17 16:12:17 - [run_etl_processor] - Processed 40 messages...
2026-03-17 16:12:17 - [run_etl_processor] - Processed 50 messages...
2026-03-17 16:12:17 - [run_etl_processor] - Processed 60 messages...
2026-03-17 16:12:17 - [run_etl_processor] - Processed 70 messages...
2026-03-17 16:12:17 - [run_etl_processor] - Processed 80 messages...
2026-03-17 16:12:17 - [run_etl_processor] - Processed 90 messages...
2026-03-17 16:12:17 - [run_etl_processor] - Processed 100 messages...
2026-03-17 16:12:17 - [run_etl_processor] - Processed 110 messages...
2026-03-17 16:12:17 - [run_etl_processor] - Processed 120 messages...
2026-03-17 16:12:17 - [run_etl_processor] - Processed 130 messages...
2026-03-17 16:12:17 - [run_etl_processor] - Processed 140 messages...
2026-03-17 16:12:17 - [run_etl_processor] - Processed 150 messages...
2026-03-17 16:12:17 - [run_etl_processor] - Processed 160 messages...
2026-03-17 16:12:18 - [run_etl_processor] - Processed 170 messages...
2026-03-17 16:12:18 - [run_etl_processor] - Processed 180 messages...
2026-03-17 16:12:18 - [run_etl_processor] - Processed 190 messages...
2026-03-17 16:12:18 - [run_etl_processor] - Processed 200 messages...
2026-03-17 16:12:18 - [run_etl_processor] - Processed 210 messages...
2026-03-17 16:12:18 - [run_etl_processor] - Processed 220 messages...
2026-03-17 16:12:18 - [run_etl_processor] - Processed 230 messages...
2026-03-17 16:12:18 - [run_etl_processor] - Processed 240 messages...
2026-03-17 16:12:18 - [run_etl_processor] - Processed 250 messages...
2026-03-17 16:12:18 - [run_etl_processor] - Processed 260 messages...
2026-03-17 16:12:18 - [run_etl_processor] - Processed 270 messages...
2026-03-17 16:12:18 - [run_etl_processor] - Processed 280 messages...
2026-03-17 16:12:18 - [run_etl_processor] - Processed 290 messages...
2026-03-17 16:12:19 - [run_etl_processor] - Processed 300 messages...
2026-03-17 16:12:19 - [run_etl_processor] - Processed 310 messages...
2026-03-17 16:12:19 - [run_etl_processor] - Processed 320 messages...
2026-03-17 16:12:19 - [run_etl_processor] - Processed 330 messages...
2026-03-17 16:12:19 - [run_etl_processor] - Processed 340 messages...
2026-03-17 16:12:19 - [run_etl_processor] - Processed 350 messages...
2026-03-17 16:12:19 - [run_etl_processor] - Processed 360 messages...
2026-03-17 16:12:19 - [run_etl_processor] - Processed 370 messages...
2026-03-17 16:12:19 - [run_etl_processor] - Processed 380 messages...
2026-03-17 16:12:19 - [run_etl_processor] - Processed 390 messages...
2026-03-17 16:12:19 - [run_etl_processor] - Processed 400 messages...
2026-03-17 16:12:20 - [run_etl_processor] - Processed 410 messages...
2026-03-17 16:12:20 - [run_etl_processor] - Processed 420 messages...
2026-03-17 16:12:20 - [run_etl_processor] - Processed 430 messages...
2026-03-17 16:12:20 - [run_etl_processor] - Processed 440 messages...
2026-03-17 16:12:20 - [run_etl_processor] - Processed 450 messages...
2026-03-17 16:12:20 - [run_etl_processor] - Processed 460 messages...
2026-03-17 16:12:20 - [run_etl_processor] - Processed 470 messages...
2026-03-17 16:12:20 - [run_etl_processor] - Processed 480 messages...
2026-03-17 16:12:20 - [run_etl_processor] - Processed 490 messages...
2026-03-17 16:12:20 - [run_etl_processor] - Processed 500 messages...
2026-03-17 16:12:21 - [run_etl_processor] - Processed 510 messages...
2026-03-17 16:12:21 - [run_etl_processor] - Processed 520 messages...
2026-03-17 16:12:21 - [run_etl_processor] - Processed 530 messages...
2026-03-17 16:12:21 - [run_etl_processor] - Processed 540 messages...
2026-03-17 16:12:21 - [run_etl_processor] - Processed 550 messages...
2026-03-17 16:12:21 - [run_etl_processor] - Processed 560 messages...
2026-03-17 16:12:21 - [run_etl_processor] - Processed 570 messages...
2026-03-17 16:12:21 - [run_etl_processor] - Processed 580 messages...
2026-03-17 16:12:21 - [run_etl_processor] - Processed 590 messages...
2026-03-17 16:12:21 - [run_etl_processor] - Processed 600 messages...
2026-03-17 16:12:21 - [run_etl_processor] - Processed 610 messages...
2026-03-17 16:12:22 - [run_etl_processor] - Processed 620 messages...
2026-03-17 16:12:22 - [run_etl_processor] - Processed 630 messages...
2026-03-17 16:12:22 - [run_etl_processor] - Processed 640 messages...
2026-03-17 16:12:22 - [run_etl_processor] - Processed 650 messages...
2026-03-17 16:12:22 - [run_etl_processor] - Processed 660 messages...
2026-03-17 16:12:22 - [run_etl_processor] - Processed 670 messages...
2026-03-17 16:12:22 - [run_etl_processor] - Processed 680 messages...
2026-03-17 16:12:22 - [run_etl_processor] - Processed 690 messages...
2026-03-17 16:12:22 - [run_etl_processor] - Processed 700 messages...
2026-03-17 16:12:22 - [run_etl_processor] - Processed 710 messages...
2026-03-17 16:12:22 - [run_etl_processor] - Processed 720 messages...
2026-03-17 16:12:22 - [run_etl_processor] - Processed 730 messages...
2026-03-17 16:13:02 - [run_etl_processor] - ETL completed. Total: 738, Failed: 0
2026-03-17 16:13:02 - [run_etl_processor] - SUCCESS
